Resolved.
# This is not a comment, but rather part of the diff.
# Host languages have comments, too!